com\gitcar\app\controllers\SalesHistoryController.class
com\gitcar\app\controllers\SalesHistoryController$1.class
com\gitcar\app\controllers\SalesReportController$2.class
com\gitcar\app\controllers\SellVehicleController$2.class
com\gitcar\app\models\Sale.class
com\gitcar\app\dao\VehicleDAO.class
com\gitcar\app\utils\PasswordUtils.class
com\gitcar\app\dao\EmployeeDAO.class
com\gitcar\app\controllers\ManageInterestsController.class
com\gitcar\app\utils\DatabaseUtil.class
com\gitcar\app\controllers\ScheduleTestDriveController$1.class
com\gitcar\app\models\Employee.class
com\gitcar\app\models\Customer.class
com\gitcar\app\controllers\ManagerMenuController.class
com\gitcar\app\controllers\ScheduleTestDriveController.class
com\gitcar\app\MainApp.class
com\gitcar\app\models\TestDrive.class
com\gitcar\app\dao\SaleDAO.class
com\gitcar\app\controllers\SalesReportController.class
com\gitcar\app\controllers\LoginController.class
com\gitcar\app\controllers\ManageEmployeesController.class
com\gitcar\app\controllers\SalespersonMenuController.class
com\gitcar\app\models\Vehicle.class
com\gitcar\app\controllers\SellVehicleController$1.class
com\gitcar\app\Launcher.class
com\gitcar\app\controllers\SalesReportController$1.class
com\gitcar\app\dao\TestDriveDAO.class
com\gitcar\app\models\CustomerInterest.class
com\gitcar\app\controllers\SellVehicleController.class
com\gitcar\app\dao\CustomerDAO.class
