C:\Users\fiorg\OneDrive\Desktop\gitcar_project\src\main\java\com\gitcar\app\controllers\LoginController.java
C:\Users\fiorg\OneDrive\Desktop\gitcar_project\src\main\java\com\gitcar\app\models\Vehicle.java
C:\Users\fiorg\OneDrive\Desktop\gitcar_project\src\main\java\com\gitcar\app\MainApp.java
C:\Users\fiorg\OneDrive\Desktop\gitcar_project\src\main\java\com\gitcar\app\controllers\SalesHistoryController.java
C:\Users\fiorg\OneDrive\Desktop\gitcar_project\src\main\java\com\gitcar\app\controllers\SalesReportController.java
C:\Users\fiorg\OneDrive\Desktop\gitcar_project\src\main\java\com\gitcar\app\Launcher.java
C:\Users\fiorg\OneDrive\Desktop\gitcar_project\src\main\java\com\gitcar\app\controllers\ManagerMenuController.java
C:\Users\fiorg\OneDrive\Desktop\gitcar_project\src\main\java\com\gitcar\app\models\Customer.java
C:\Users\fiorg\OneDrive\Desktop\gitcar_project\src\main\java\com\gitcar\app\controllers\ManageEmployeesController.java
C:\Users\fiorg\OneDrive\Desktop\gitcar_project\src\main\java\com\gitcar\app\utils\PasswordUtils.java
C:\Users\fiorg\OneDrive\Desktop\gitcar_project\src\main\java\com\gitcar\app\controllers\ScheduleTestDriveController.java
C:\Users\fiorg\OneDrive\Desktop\gitcar_project\src\main\java\com\gitcar\app\dao\SaleDAO.java
C:\Users\fiorg\OneDrive\Desktop\gitcar_project\src\main\java\com\gitcar\app\models\TestDrive.java
C:\Users\fiorg\OneDrive\Desktop\gitcar_project\src\main\java\com\gitcar\app\dao\VehicleDAO.java
C:\Users\fiorg\OneDrive\Desktop\gitcar_project\src\main\java\com\gitcar\app\models\CustomerInterest.java
C:\Users\fiorg\OneDrive\Desktop\gitcar_project\src\main\java\com\gitcar\app\dao\CustomerDAO.java
C:\Users\fiorg\OneDrive\Desktop\gitcar_project\src\main\java\com\gitcar\app\models\Employee.java
C:\Users\fiorg\OneDrive\Desktop\gitcar_project\src\main\java\com\gitcar\app\controllers\ManageInterestsController.java
C:\Users\fiorg\OneDrive\Desktop\gitcar_project\src\main\java\com\gitcar\app\dao\TestDriveDAO.java
C:\Users\fiorg\OneDrive\Desktop\gitcar_project\src\main\java\com\gitcar\app\utils\DatabaseUtil.java
C:\Users\fiorg\OneDrive\Desktop\gitcar_project\src\main\java\com\gitcar\app\controllers\SalespersonMenuController.java
C:\Users\fiorg\OneDrive\Desktop\gitcar_project\src\main\java\com\gitcar\app\controllers\SellVehicleController.java
C:\Users\fiorg\OneDrive\Desktop\gitcar_project\src\main\java\com\gitcar\app\dao\EmployeeDAO.java
C:\Users\fiorg\OneDrive\Desktop\gitcar_project\src\main\java\com\gitcar\app\models\Sale.java
